../Drivers/CMSIS/Include/core_cm4.h:1684:22:__NVIC_EnableIRQ	16	static,ignoring_inline_asm
../Drivers/CMSIS/Include/core_cm4.h:1814:22:__NVIC_SetPriority	16	static
../Drivers/CMSIS/Include/core_cm4.h:2022:26:SysTick_Config	16	static
../Core/Src/main.c:5:6:config_evry	4	static
../Core/Src/main.c:27:6:config_interrupt	8	static
../Core/Src/main.c:43:6:timer2_config	8	static
../Core/Src/main.c:52:6:USART_send	16	static
../Core/Src/main.c:57:6:USART_sendt	16	static
../Core/Src/main.c:82:6:EXTI0_IRQHandler	4	static
../Core/Src/main.c:101:6:delay	24	static
../Core/Src/main.c:106:6:SysTick_Handler	4	static
../Core/Src/main.c:161:6:TIM2_IRQHandler	24	static
../Core/Src/main.c:179:5:main	8	static
